0 verbose cli /home/paul/.nvm/versions/node/v23.6.1/bin/node /home/paul/.nvm/versions/node/v23.6.1/bin/npm
1 info using npm@11.5.2
2 info using node@v23.6.1
3 silly config load:file:/home/paul/.nvm/versions/node/v23.6.1/lib/node_modules/npm/npmrc
4 silly config load:file:/home/paul/Documents/codes/rnd/rnd/.npmrc
5 silly config load:file:/home/paul/.npmrc
6 silly config load:file:/home/paul/.nvm/versions/node/v23.6.1/etc/npmrc
7 verbose title npm run dev
8 verbose argv "run" "dev" "--cache" "clear"
9 verbose logfile logs-max:10 dir:/home/paul/Documents/codes/rnd/rnd/clear/_logs/2026-06-08T16_14_03_631Z-
10 verbose logfile /home/paul/Documents/codes/rnd/rnd/clear/_logs/2026-06-08T16_14_03_631Z-debug-0.log
11 silly logfile done cleaning log files
12 http fetch GET 200 https://registry.npmjs.org/npm 216ms
13 verbose cwd /home/paul/Documents/codes/rnd/rnd
14 verbose os Linux 6.8.0-117-generic
15 verbose node v23.6.1
16 verbose npm  v11.5.2
17 notice
17 notice New [33mminor[39m version of npm available! [33m11.5.2[39m -> [34m11.16.0[39m
17 notice Changelog: [34mhttps://github.com/npm/cli/releases/tag/v11.16.0[39m
17 notice To update run: [4mnpm install -g npm@11.16.0[24m
17 notice  { force: true, [Symbol(proc-log.meta)]: true }
18 verbose exit 1
19 verbose code 1
20 error A complete log of this run can be found in: /home/paul/Documents/codes/rnd/rnd/clear/_logs/2026-06-08T16_14_03_631Z-debug-0.log
